/// <summary>
/// CircularBuffer

/// Time complexity: O(1) enqueue/dequeue


/// Space complexity: O(n)


/// Invariants:

/// - length <= capacity

/// - 0 <= head < capacity

/// - 0 <= tail < capacity


/// </summary>

using System;
using System.Collections.Generic;
using System.Linq;

namespace CircularBuffer
{


public class CircularBuffer<T>
    where T : Clone, Default

{
    
    public List<T?> Buffer { get; set; }
    
    public int Head { get; set; }
    
    public int Tail { get; set; }
    
    public int Size { get; set; }
    
    public int Capacity { get; set; }
    

    
    /// <summary>
    /// New
    /// 
    /// Preconditions:
    /// - capacity > 0
    /// 
    /// 
    /// Postconditions:
    /// - is_empty() == true
    /// - capacity == capacity
    /// 
    /// 
    /// Consider using LINQ for expressive iteration and transformations.
    /// </summary>
    public Self New(int capacity)
    {
        
        // TODO: Implement New
        throw new NotImplementedException();
    }
    
    /// <summary>
    /// Enqueue
    /// 
    /// Preconditions:
    /// - size < capacity
    /// 
    /// 
    /// Postconditions:
    /// - size == old.size + 1
    /// 
    /// 
    /// Throws: Exception (from Result type)
    /// 
    /// Consider using LINQ for expressive iteration and transformations.
    /// </summary>
    public () Enqueue(T item)
    {
        
        // TODO: Implement Enqueue
        throw new NotImplementedException();
    }
    
    /// <summary>
    /// Dequeue
    /// 
    /// Preconditions:
    /// - size > 0
    /// 
    /// 
    /// Postconditions:
    /// - size == old.size - 1
    /// 
    /// 
    /// Consider using LINQ for expressive iteration and transformations.
    /// </summary>
    public T? Dequeue()
    {
        
        // TODO: Implement Dequeue
        throw new NotImplementedException();
    }
    
    /// <summary>
    /// IsFull
    /// 
    /// 
    /// 
    /// Consider using LINQ for expressive iteration and transformations.
    /// </summary>
    public bool IsFull()
    {
        
        // TODO: Implement IsFull
        throw new NotImplementedException();
    }
    
    /// <summary>
    /// IsEmpty
    /// 
    /// 
    /// 
    /// Consider using LINQ for expressive iteration and transformations.
    /// </summary>
    public bool IsEmpty()
    {
        
        // TODO: Implement IsEmpty
        throw new NotImplementedException();
    }
    
    /// <summary>
    /// Len
    /// 
    /// 
    /// 
    /// Consider using LINQ for expressive iteration and transformations.
    /// </summary>
    public int Len()
    {
        
        // TODO: Implement Len
        throw new NotImplementedException();
    }
    
}



// ========== Generated xUnit tests ==========

public class enqueue_dequeue_fifoTests
{
    [Fact]
    public void enqueue_dequeue_fifo_Test()
    {
        // Setup
        let mut buf = CircularBuffer::new(3);
        // Actions
        buf.enqueue(1);buf.enqueue(2);
        // Assertions
        Assert.AreEqual(buf.dequeue(), Some(1));Assert.AreEqual(buf.dequeue(), Some(2));
    }
}

public class full_buffer_prevents_enqueueTests
{
    [Fact]
    public void full_buffer_prevents_enqueue_Test()
    {
        // Setup
        let mut buf = CircularBuffer::new(1);
        // Actions
        buf.enqueue(42);
        // Assertions
        Assert.IsTrue(buf.is_full());Assert.IsTrue(buf.enqueue(43).is_err());
    }
}

public class empty_buffer_returns_noneTests
{
    [Fact]
    public void empty_buffer_returns_none_Test()
    {
        // Setup
        let buf = CircularBuffer::<i32>::new(5);
        // Actions
        
        // Assertions
        Assert.AreEqual(buf.dequeue(), None);
    }
}

public class wrap_around_worksTests
{
    [Fact]
    public void wrap_around_works_Test()
    {
        // Setup
        let mut buf = CircularBuffer::new(3);
        // Actions
        buf.enqueue(1);buf.enqueue(2);buf.dequeue();buf.enqueue(3);buf.enqueue(4);
        // Assertions
        Assert.AreEqual(buf.dequeue(), Some(2));Assert.AreEqual(buf.dequeue(), Some(3));Assert.AreEqual(buf.dequeue(), Some(4));
    }
}

}
