"""
DoublyLinkedList

Time complexity: O(1) insert/remove at head/tail, O(n) search


Space complexity: O(n)


# Invariants

# - no cycles

# - for each node, node.next.prev == node


"""

from dataclasses import dataclass
from typing import TypeVar, Generic, Optional, List, Dict
import pytest



T = TypeVar('T')


@dataclass
class Node(Generic[T]):
    """DoublyLinkedList"""
    
    value: T
    
    prev: Optional[Node<T>]
    
    next: Optional[Node<T>]
    

    
    def new(self) -> Self:
        """
        
        
        Postconditions:
        - head is None
        - tail is None
        
        
        """
        
        # TODO: Implement new
        raise NotImplementedError
    
    def push_front(self, value: T) -> None:
        """
        
        
        Postconditions:
        - head.value == value
        
        
        """
        
        # TODO: Implement push_front
        raise NotImplementedError
    
    def push_back(self, value: T) -> None:
        """
        
        
        Postconditions:
        - tail.value == value
        
        
        """
        
        # TODO: Implement push_back
        raise NotImplementedError
    
    def pop_front(self) -> Optional[T]:
        """
        
        Preconditions:
        - !is_empty()
        
        
        
        """
        
        # TODO: Implement pop_front
        raise NotImplementedError
    
    def pop_back(self) -> Optional[T]:
        """
        
        Preconditions:
        - !is_empty()
        
        
        
        """
        
        # TODO: Implement pop_back
        raise NotImplementedError
    
    def is_empty(self) -> bool:
        """
        
        
        
        """
        
        # TODO: Implement is_empty
        raise NotImplementedError
    
    def len(self) -> int:
        """
        
        
        
        """
        
        # TODO: Implement len
        raise NotImplementedError
    

T = TypeVar('T')


@dataclass
class DoublyLinkedList(Generic[T]):
    """DoublyLinkedList"""
    
    head: Optional[Node<T>]
    
    tail: Optional[Node<T>]
    

    
    def new(self) -> Self:
        """
        
        
        Postconditions:
        - head is None
        - tail is None
        
        
        """
        
        # TODO: Implement new
        raise NotImplementedError
    
    def push_front(self, value: T) -> None:
        """
        
        
        Postconditions:
        - head.value == value
        
        
        """
        
        # TODO: Implement push_front
        raise NotImplementedError
    
    def push_back(self, value: T) -> None:
        """
        
        
        Postconditions:
        - tail.value == value
        
        
        """
        
        # TODO: Implement push_back
        raise NotImplementedError
    
    def pop_front(self) -> Optional[T]:
        """
        
        Preconditions:
        - !is_empty()
        
        
        
        """
        
        # TODO: Implement pop_front
        raise NotImplementedError
    
    def pop_back(self) -> Optional[T]:
        """
        
        Preconditions:
        - !is_empty()
        
        
        
        """
        
        # TODO: Implement pop_back
        raise NotImplementedError
    
    def is_empty(self) -> bool:
        """
        
        
        
        """
        
        # TODO: Implement is_empty
        raise NotImplementedError
    
    def len(self) -> int:
        """
        
        
        
        """
        
        # TODO: Implement len
        raise NotImplementedError
    



# ========== Generated pytest tests ==========

def test_push_front_pop_front():
    """Test: push_front_pop_front"""
    let mut list = DoublyLinkedList::new();
    list.push_front(1)list.push_front(2)
    assert list.pop_front() == Some(2)assert list.pop_front() == Some(1)

def test_push_back_pop_back():
    """Test: push_back_pop_back"""
    let mut list = DoublyLinkedList::new();
    list.push_back(1)list.push_back(2)
    assert list.pop_back() == Some(2)assert list.pop_back() == Some(1)

def test_mixed_operations():
    """Test: mixed_operations"""
    let mut list = DoublyLinkedList::new();
    list.push_front(1)list.push_back(3)list.push_front(0)
    assert list.pop_front() == Some(0)assert list.pop_back() == Some(3)assert list.pop_back() == Some(1)


if __name__ == "__main__":
    pytest.main([__file__])
