// --- DynamicArray.rs ---
/// DynamicArray
/// Time complexity: O(1) amortized push, O(n) insert/remove

/// Space complexity: O(n)


/// Invariants:
/// - length >= 0
/// - capacity >= length



#[derive(Debug, Clone)]
pub struct DynamicArray<T>
where T: Clone 

    
    pub data: Vec<T>,
    
    pub len: usize,
    
}

impl<T> DynamicArray<T> {
    pub fn new() -> Self {
        Self {
            
            data: Vec::new(),
            
            len: Default::default(),
            
        }
    }
}

// --- DynamicArray_new.rs ---
/// DynamicArray.new

/// Returns: Self

/// Postconditions:
/// - length == 0
/// - capacity >= 0

impl<T> DynamicArray<T> {
    pub fn new(&mut self) -> Self {
        todo!()
    }
}

#[cfg(test)]
mod tests {
    use super::*;

    #[test]
    fn push_increases_length() {
        let mut arr = DynamicArray::new();
        arr.push(1);
        arr.push(2);
        assert_eq!(arr.len(), 2);
        assert!(!arr.is_empty());
    }

    #[test]
    fn pop_returns_last_element() {
        let mut arr = DynamicArray::new();
        arr.push(10);
        arr.push(20);
        assert_eq!(arr.pop(), Some(20));
        assert_eq!(arr.len(), 1);
    }

    #[test]
    fn pop_empty_returns_none() {
        let arr = DynamicArray::<i32>::new();

        assert_eq!(arr.pop(), None);
    }

    #[test]
    fn get_valid_index() {
        let mut arr = DynamicArray::new();
        arr.push(5);

        assert_eq!(arr.get(0), Some(&5));
    }

    #[test]
    fn get_out_of_bounds() {
        let mut arr = DynamicArray::new();
        arr.push(5);

        assert_eq!(arr.get(1), None);
    }
}

// --- DynamicArray_push.rs ---
/// DynamicArray.push
/// * `item` - T

/// Postconditions:
/// - length == old.length + 1
/// - last element == item

impl<T> DynamicArray<T> {
    pub fn push(&mut self, item: T) -> () {
        todo!()
    }
}

#[cfg(test)]
mod tests {
    use super::*;

    #[test]
    fn push_increases_length() {
        let mut arr = DynamicArray::new();
        arr.push(1);
        arr.push(2);
        assert_eq!(arr.len(), 2);
        assert!(!arr.is_empty());
    }

    #[test]
    fn pop_returns_last_element() {
        let mut arr = DynamicArray::new();
        arr.push(10);
        arr.push(20);
        assert_eq!(arr.pop(), Some(20));
        assert_eq!(arr.len(), 1);
    }

    #[test]
    fn pop_empty_returns_none() {
        let arr = DynamicArray::<i32>::new();

        assert_eq!(arr.pop(), None);
    }

    #[test]
    fn get_valid_index() {
        let mut arr = DynamicArray::new();
        arr.push(5);

        assert_eq!(arr.get(0), Some(&5));
    }

    #[test]
    fn get_out_of_bounds() {
        let mut arr = DynamicArray::new();
        arr.push(5);

        assert_eq!(arr.get(1), None);
    }
}

// --- DynamicArray_pop.rs ---
/// DynamicArray.pop

/// Returns: Option<T>

/// Preconditions:
/// - length > 0

/// Postconditions:
/// - length == old.length - 1

impl<T> DynamicArray<T> {
    pub fn pop(&mut self) -> Option<T> {
        todo!()
    }
}

#[cfg(test)]
mod tests {
    use super::*;

    #[test]
    fn push_increases_length() {
        let mut arr = DynamicArray::new();
        arr.push(1);
        arr.push(2);
        assert_eq!(arr.len(), 2);
        assert!(!arr.is_empty());
    }

    #[test]
    fn pop_returns_last_element() {
        let mut arr = DynamicArray::new();
        arr.push(10);
        arr.push(20);
        assert_eq!(arr.pop(), Some(20));
        assert_eq!(arr.len(), 1);
    }

    #[test]
    fn pop_empty_returns_none() {
        let arr = DynamicArray::<i32>::new();

        assert_eq!(arr.pop(), None);
    }

    #[test]
    fn get_valid_index() {
        let mut arr = DynamicArray::new();
        arr.push(5);

        assert_eq!(arr.get(0), Some(&5));
    }

    #[test]
    fn get_out_of_bounds() {
        let mut arr = DynamicArray::new();
        arr.push(5);

        assert_eq!(arr.get(1), None);
    }
}

// --- DynamicArray_get.rs ---
/// DynamicArray.get
/// * `index` - usize

/// Returns: Option<&T>

/// Preconditions:
/// - index < length

impl<T> DynamicArray<T> {
    pub fn get(&mut self, index: usize) -> Option<&T> {
        todo!()
    }
}

#[cfg(test)]
mod tests {
    use super::*;

    #[test]
    fn push_increases_length() {
        let mut arr = DynamicArray::new();
        arr.push(1);
        arr.push(2);
        assert_eq!(arr.len(), 2);
        assert!(!arr.is_empty());
    }

    #[test]
    fn pop_returns_last_element() {
        let mut arr = DynamicArray::new();
        arr.push(10);
        arr.push(20);
        assert_eq!(arr.pop(), Some(20));
        assert_eq!(arr.len(), 1);
    }

    #[test]
    fn pop_empty_returns_none() {
        let arr = DynamicArray::<i32>::new();

        assert_eq!(arr.pop(), None);
    }

    #[test]
    fn get_valid_index() {
        let mut arr = DynamicArray::new();
        arr.push(5);

        assert_eq!(arr.get(0), Some(&5));
    }

    #[test]
    fn get_out_of_bounds() {
        let mut arr = DynamicArray::new();
        arr.push(5);

        assert_eq!(arr.get(1), None);
    }
}

// --- DynamicArray_len.rs ---
/// DynamicArray.len

/// Returns: usize

/// Postconditions:
/// - result >= 0

impl<T> DynamicArray<T> {
    pub fn len(&mut self) -> usize {
        todo!()
    }
}

#[cfg(test)]
mod tests {
    use super::*;

    #[test]
    fn push_increases_length() {
        let mut arr = DynamicArray::new();
        arr.push(1);
        arr.push(2);
        assert_eq!(arr.len(), 2);
        assert!(!arr.is_empty());
    }

    #[test]
    fn pop_returns_last_element() {
        let mut arr = DynamicArray::new();
        arr.push(10);
        arr.push(20);
        assert_eq!(arr.pop(), Some(20));
        assert_eq!(arr.len(), 1);
    }

    #[test]
    fn pop_empty_returns_none() {
        let arr = DynamicArray::<i32>::new();

        assert_eq!(arr.pop(), None);
    }

    #[test]
    fn get_valid_index() {
        let mut arr = DynamicArray::new();
        arr.push(5);

        assert_eq!(arr.get(0), Some(&5));
    }

    #[test]
    fn get_out_of_bounds() {
        let mut arr = DynamicArray::new();
        arr.push(5);

        assert_eq!(arr.get(1), None);
    }
}

// --- DynamicArray_is_empty.rs ---
/// DynamicArray.is_empty

/// Returns: bool

impl<T> DynamicArray<T> {
    pub fn is_empty(&mut self) -> bool {
        todo!()
    }
}

#[cfg(test)]
mod tests {
    use super::*;

    #[test]
    fn push_increases_length() {
        let mut arr = DynamicArray::new();
        arr.push(1);
        arr.push(2);
        assert_eq!(arr.len(), 2);
        assert!(!arr.is_empty());
    }

    #[test]
    fn pop_returns_last_element() {
        let mut arr = DynamicArray::new();
        arr.push(10);
        arr.push(20);
        assert_eq!(arr.pop(), Some(20));
        assert_eq!(arr.len(), 1);
    }

    #[test]
    fn pop_empty_returns_none() {
        let arr = DynamicArray::<i32>::new();

        assert_eq!(arr.pop(), None);
    }

    #[test]
    fn get_valid_index() {
        let mut arr = DynamicArray::new();
        arr.push(5);

        assert_eq!(arr.get(0), Some(&5));
    }

    #[test]
    fn get_out_of_bounds() {
        let mut arr = DynamicArray::new();
        arr.push(5);

        assert_eq!(arr.get(1), None);
    }
}
