/// <summary>
/// Graph

/// Time complexity: O(V+E) for traversal


/// Space complexity: O(V+E)


/// Invariants:

/// - all edges reference valid vertices

/// - vertex count >= 0


/// </summary>

using System;
using System.Collections.Generic;
using System.Linq;

namespace Graph
{


public class Graph<T>
    where T : Clone, Hash, Eq

{
    
    public HashMap<T, Vec<T>> AdjacencyList { get; set; }
    
    public bool Directed { get; set; }
    

    
    /// <summary>
    /// New.
    /// </summary>
    
    /// <param name="directed">bool.</param>
    
    
    /// <returns>Self.</returns>
    
    
    
    /// <remarks>
    /// Postconditions:
    
    /// - vertex_count == 0
    
    /// - edge_count == 0
    
    /// </remarks>
    
    
    public Self New(bool directed)
    {
        
        // TODO: Implement New
        throw new NotImplementedException();
    }
    
    /// <summary>
    /// Addvertex.
    /// </summary>
    
    /// <param name="vertex">T.</param>
    
    
    /// <returns>bool.</returns>
    
    
    
    /// <remarks>
    /// Postconditions:
    
    /// - vertex exists in graph
    
    /// </remarks>
    
    
    public bool AddVertex(T vertex)
    {
        
        // TODO: Implement AddVertex
        throw new NotImplementedException();
    }
    
    /// <summary>
    /// Addedge.
    /// </summary>
    
    /// <param name="from">T.</param>
    
    /// <param name="to">T.</param>
    
    
    /// <returns>bool.</returns>
    
    
    /// <remarks>
    /// Preconditions:
    
    /// - from and to exist in graph
    
    /// </remarks>
    
    
    
    public bool AddEdge(T from, T to)
    {
        
        // TODO: Implement AddEdge
        throw new NotImplementedException();
    }
    
    /// <summary>
    /// Neighbors.
    /// </summary>
    
    /// <param name="vertex">T.</param>
    
    
    /// <returns>&Vec<T>?.</returns>
    
    
    
    
    public &Vec<T>? Neighbors(T vertex)
    {
        
        // TODO: Implement Neighbors
        throw new NotImplementedException();
    }
    
    /// <summary>
    /// Vertexcount.
    /// </summary>
    
    
    /// <returns>int.</returns>
    
    
    
    
    public int VertexCount()
    {
        
        // TODO: Implement VertexCount
        throw new NotImplementedException();
    }
    
    /// <summary>
    /// Edgecount.
    /// </summary>
    
    
    /// <returns>int.</returns>
    
    
    
    
    public int EdgeCount()
    {
        
        // TODO: Implement EdgeCount
        throw new NotImplementedException();
    }
    
    /// <summary>
    /// Hasvertex.
    /// </summary>
    
    /// <param name="vertex">T.</param>
    
    
    /// <returns>bool.</returns>
    
    
    
    
    public bool HasVertex(T vertex)
    {
        
        // TODO: Implement HasVertex
        throw new NotImplementedException();
    }
    
    /// <summary>
    /// Hasedge.
    /// </summary>
    
    /// <param name="from">T.</param>
    
    /// <param name="to">T.</param>
    
    
    /// <returns>bool.</returns>
    
    
    
    
    public bool HasEdge(T from, T to)
    {
        
        // TODO: Implement HasEdge
        throw new NotImplementedException();
    }
    
}



// ========== Generated xUnit tests ==========

public class add_vertex_and_edgeTests
{
    [Fact]
    public void add_vertex_and_edge_Test()
    {
        // Setup
        let mut g = Graph::new(false);
        // Actions
        g.add_vertex(1);g.add_vertex(2);g.add_edge(1, 2);
        // Assertions
        Assert.IsTrue(g.has_vertex(1));Assert.IsTrue(g.has_vertex(2));Assert.IsTrue(g.has_edge(1, 2));Assert.AreEqual(g.vertex_count(), 2);Assert.AreEqual(g.edge_count(), 1);
    }
}

public class undirected_graph_symmetric_edgesTests
{
    [Fact]
    public void undirected_graph_symmetric_edges_Test()
    {
        // Setup
        let mut g = Graph::new(false);
        // Actions
        g.add_vertex(1);g.add_vertex(2);g.add_edge(1, 2);
        // Assertions
        Assert.IsTrue(g.has_edge(1, 2));Assert.IsTrue(g.has_edge(2, 1));
    }
}

public class directed_graph_no_symmetryTests
{
    [Fact]
    public void directed_graph_no_symmetry_Test()
    {
        // Setup
        let mut g = Graph::new(true);
        // Actions
        g.add_vertex(1);g.add_vertex(2);g.add_edge(1, 2);
        // Assertions
        Assert.IsTrue(g.has_edge(1, 2));Assert.IsTrue(!g.has_edge(2, 1));
    }
}

}
