"""
Quicksort

Time complexity: O(n log n) average, O(n^2) worst


Space complexity: O(log n) average


"""

from dataclasses import dataclass
from typing import TypeVar, Generic, Optional, List, Dict
import pytest




def quicksort(arr: List[T]) -> None:
    """quicksort.
    

    Args:
    
        arr: List[T]
    
    
    

    Preconditions:
    
        - arr is valid slice
    
    

    Postconditions:
    
        - arr is sorted ascending
    
    
    """
    
    # TODO: Implement quicksort
    raise NotImplementedError

def partition(arr: List[T], low: int, high: int) -> int:
    """partition.
    

    Args:
    
        arr: List[T]
    
        low: int
    
        high: int
    
    

    Returns:
        int
    
    
    

    Postconditions:
    
        - pivot is in final sorted position
    
        - elements left of pivot <= pivot
    
        - elements right of pivot >= pivot
    
    
    """
    
    # TODO: Implement partition
    raise NotImplementedError



# ========== Generated pytest tests ==========

def test_sort_unsorted_array():
    """Test: sort_unsorted_array"""
    let mut arr = vec![3, 1, 4, 1, 5, 9, 2, 6];
    quicksort(&mut arr)
    assert arr == vec![1, 1, 2, 3, 4, 5, 6, 9]

def test_sort_empty_array():
    """Test: sort_empty_array"""
    let mut arr: Vec<i32> = vec![];
    quicksort(&mut arr)
    assert arr == vec![]

def test_sort_single_element():
    """Test: sort_single_element"""
    let mut arr = vec![42];
    quicksort(&mut arr)
    assert arr == vec![42]

def test_sort_already_sorted():
    """Test: sort_already_sorted"""
    let mut arr = vec![1, 2, 3, 4, 5];
    quicksort(&mut arr)
    assert arr == vec![1, 2, 3, 4, 5]


if __name__ == "__main__":
    pytest.main([__file__])
