// --- Node.rs ---
/// SinglyLinkedList
/// Time complexity: O(1) prepend, O(n) append/search

/// Space complexity: O(n)

/// Invariants:
/// - no cycles
/// - head is None iff tail is None

#[derive(Debug, Clone)]
pub struct Node<T>
where
    T: Clone,
{
    pub value: T,

    pub next: Option<Box<Node<T>>>,
}

impl<T> Node<T> {
    pub fn new() -> Self {
        Self {
            value: Default::default(),

            next: Default::default(),
        }
    }
}

// --- Node_new.rs ---
/// SinglyLinkedList.new

/// Returns: Self

/// Postconditions:
/// - head is None

impl<T> Node<T> {
    pub fn new(&mut self) -> Self {
        todo!()
    }
}

#[cfg(test)]
mod tests {
    use super::*;

    #[test]
    fn prepend_pop_front() {
        let mut list = SinglyLinkedList::new();
        list.prepend(1);
        list.prepend(2);
        assert_eq!(list.pop_front(), Some(2));
        assert_eq!(list.pop_front(), Some(1));
    }

    #[test]
    fn append_order() {
        let mut list = SinglyLinkedList::new();
        list.append(1);
        list.append(2);
        assert_eq!(list.pop_front(), Some(1));
    }

    #[test]
    fn pop_front_empty() {
        let list = SinglyLinkedList::<i32>::new();

        assert_eq!(list.pop_front(), None);
    }
}

// --- Node_prepend.rs ---
/// SinglyLinkedList.prepend
/// * `value` - T

/// Postconditions:
/// - head.value == value
/// - list length increased by 1

impl<T> Node<T> {
    pub fn prepend(&mut self, value: T) -> () {
        todo!()
    }
}

#[cfg(test)]
mod tests {
    use super::*;

    #[test]
    fn prepend_pop_front() {
        let mut list = SinglyLinkedList::new();
        list.prepend(1);
        list.prepend(2);
        assert_eq!(list.pop_front(), Some(2));
        assert_eq!(list.pop_front(), Some(1));
    }

    #[test]
    fn append_order() {
        let mut list = SinglyLinkedList::new();
        list.append(1);
        list.append(2);
        assert_eq!(list.pop_front(), Some(1));
    }

    #[test]
    fn pop_front_empty() {
        let list = SinglyLinkedList::<i32>::new();

        assert_eq!(list.pop_front(), None);
    }
}

// --- Node_append.rs ---
/// SinglyLinkedList.append
/// * `value` - T

/// Postconditions:
/// - last element == value

impl<T> Node<T> {
    pub fn append(&mut self, value: T) -> () {
        todo!()
    }
}

#[cfg(test)]
mod tests {
    use super::*;

    #[test]
    fn prepend_pop_front() {
        let mut list = SinglyLinkedList::new();
        list.prepend(1);
        list.prepend(2);
        assert_eq!(list.pop_front(), Some(2));
        assert_eq!(list.pop_front(), Some(1));
    }

    #[test]
    fn append_order() {
        let mut list = SinglyLinkedList::new();
        list.append(1);
        list.append(2);
        assert_eq!(list.pop_front(), Some(1));
    }

    #[test]
    fn pop_front_empty() {
        let list = SinglyLinkedList::<i32>::new();

        assert_eq!(list.pop_front(), None);
    }
}

// --- Node_pop_front.rs ---
/// SinglyLinkedList.pop_front

/// Returns: Option<T>

/// Preconditions:
/// - !is_empty()

/// Postconditions:
/// - head == old.head.next

impl<T> Node<T> {
    pub fn pop_front(&mut self) -> Option<T> {
        todo!()
    }
}

#[cfg(test)]
mod tests {
    use super::*;

    #[test]
    fn prepend_pop_front() {
        let mut list = SinglyLinkedList::new();
        list.prepend(1);
        list.prepend(2);
        assert_eq!(list.pop_front(), Some(2));
        assert_eq!(list.pop_front(), Some(1));
    }

    #[test]
    fn append_order() {
        let mut list = SinglyLinkedList::new();
        list.append(1);
        list.append(2);
        assert_eq!(list.pop_front(), Some(1));
    }

    #[test]
    fn pop_front_empty() {
        let list = SinglyLinkedList::<i32>::new();

        assert_eq!(list.pop_front(), None);
    }
}

// --- Node_is_empty.rs ---
/// SinglyLinkedList.is_empty

/// Returns: bool

impl<T> Node<T> {
    pub fn is_empty(&mut self) -> bool {
        todo!()
    }
}

#[cfg(test)]
mod tests {
    use super::*;

    #[test]
    fn prepend_pop_front() {
        let mut list = SinglyLinkedList::new();
        list.prepend(1);
        list.prepend(2);
        assert_eq!(list.pop_front(), Some(2));
        assert_eq!(list.pop_front(), Some(1));
    }

    #[test]
    fn append_order() {
        let mut list = SinglyLinkedList::new();
        list.append(1);
        list.append(2);
        assert_eq!(list.pop_front(), Some(1));
    }

    #[test]
    fn pop_front_empty() {
        let list = SinglyLinkedList::<i32>::new();

        assert_eq!(list.pop_front(), None);
    }
}

// --- Node_len.rs ---
/// SinglyLinkedList.len

/// Returns: usize

impl<T> Node<T> {
    pub fn len(&mut self) -> usize {
        todo!()
    }
}

#[cfg(test)]
mod tests {
    use super::*;

    #[test]
    fn prepend_pop_front() {
        let mut list = SinglyLinkedList::new();
        list.prepend(1);
        list.prepend(2);
        assert_eq!(list.pop_front(), Some(2));
        assert_eq!(list.pop_front(), Some(1));
    }

    #[test]
    fn append_order() {
        let mut list = SinglyLinkedList::new();
        list.append(1);
        list.append(2);
        assert_eq!(list.pop_front(), Some(1));
    }

    #[test]
    fn pop_front_empty() {
        let list = SinglyLinkedList::<i32>::new();

        assert_eq!(list.pop_front(), None);
    }
}
